C:/STM32/External packages/ADC_Interrupt_Driver/Drivers/CMSIS/Include/core_cm4.h:1688:22:__NVIC_EnableIRQ	16	static
C:/STM32/External packages/ADC_Interrupt_Driver/Drivers/CMSIS/Include/core_cm4.h:1816:22:__NVIC_SetPriority	16	static
../Src/main.c:33:5:main	24	static
../Src/main.c:63:6:SysTick_Handler	8	static
../Src/main.c:67:6:EXTI9_5_IRQHandler	8	static
../Src/main.c:72:6:EXTI15_10_IRQHandler	8	static
../Src/main.c:79:6:HAL_GPIO_EXTI_Callback	24	static
../Src/main.c:114:6:HAL_ADC_ConvCpltCallback	16	static
../Src/main.c:129:6:resetAll	16	static
